// Jest Snapshot v1, https://goo.gl/fbAQLP

exports[`calculateDurations calculates accurately 1`] = `
Array [
  Object {
    "from": 2020-01-01T00:00:00.000Z,
    "label": "0 years 5 months (January 2020 – June 2020)",
    "months": 5,
    "until": 2020-06-01T00:00:00.000Z,
    "years": 0,
  },
  Object {
    "from": 2019-06-01T00:00:00.000Z,
    "label": "0 years 7 months (June 2019 – January 2020)",
    "months": 7,
    "until": 2020-01-01T00:00:00.000Z,
    "years": 0,
  },
]
`;
